
> ev-wheels-custom-software@1.0.0 build
> cross-env NODE_OPTIONS=--max-old-space-size=8192 NEXT_OUTPUT=export next build

   Γû▓ Next.js 15.3.2
   - Environments: .env.local, .env.production

   Creating an optimized production build ...

> Build error occurred
[Error: Page "/dashboard/finances/receipts/[id]/page" cannot use both "use client" and export function "generateStaticParams()".] {
  type: 'Error'
}
